---
source: tests/tests.rs
expression: "format_code(&contents,\n        Config::default().with_sort_requires(SortRequiresConfig::default().set_enabled(true)),\n        None, OutputVerification::None).unwrap()"
---
local CollectionService = game:GetService("CollectionService")
local ReplicatedStorage = game:GetService("ReplicatedStorage")

