---
source: tests/tests.rs
expression: format(&contents)
---
for index, value in next, list do
	call(index, value)
end

