---
source: tests/tests.rs
expression: format(&contents)

---
local function x(
	... --[[comment here]]
) end

