---
source: tests/tests.rs
expression: format(&contents)

---
--[[👨🏾‍💻]]
local more_code = here

