---
source: tests/tests.rs
expression: format(&contents)
---
local foo = bar;
(foo :: number).length = true

