---
source: tests/tests.rs
expression: format(&contents)
---
call("string")
call({ foo = "bar", baz = 1 })
call(x, y, z)

