---
source: tests/tests.rs
expression: format(&contents)

---
do
	call()
end

