---
source: tests/tests.rs
expression: format(&contents)
---
local foo = "bar\
baz"

