---
source: tests/test_editorconfig.rs
expression: "format(&contents, path.to_str().unwrap())"
---
local foo = {
	a = 1,
}

local bar = ""

