---
source: tests/tests.rs
expression: format(&contents)
---
x += 1
x -= 7

