---
source: tests/tests.rs
expression: format(&contents)

---
-- hello world
-- and doge you too

