---
source: tests/tests.rs
expression: format(&contents)
---
export type CoverageReporterWithOptions<K> =
	Array<string | Object> --[[ [K, Partial<ReportOptions[K]>] ]]
	| nil

export type CoverageReporterWithOptions<K> =
	Array<string | Object> --[[ [K, Partial<ReportOptions[K]>] ]]
	& nil

