---
source: tests/tests.rs
expression: format(&contents)
---
local foo = (bar :: any) :: number

-- https://github.com/JohnnyMorganz/StyLua/issues/345
local foo = (if true then 0 else 1) + 1

-- https://github.com/JohnnyMorganz/StyLua/issues/383
local firstPendingUpdate = (lastPendingUpdate.next :: any) :: Update<State>

local x = #(value :: Array<number>)

-- https://github.com/JohnnyMorganz/StyLua/issues/425
self.mutationStore[mutationId] = (
	{
		lolz = foreva,
		variables = variables,
	} :: anyyyyyyyyyyyyyyyyyyyyyyyyyyyyyyyyyyyyyyyyyyyyyyyyyyyyyyyyyyyyyyyyyyyyyyyyyyyyyyyyyyyyyyyyyyyyyyyyyyyyyyyyyyyyyy
) :: MutationStoreValue

local _name = debug.info(fn :: ((any) -> any), "n")

-- https://github.com/JohnnyMorganz/StyLua/issues/441
if string.len(string_) > (length :: number) then
	return string_:sub(1, (length :: number) + 1) .. "â€¦"
else
	return string_
end

if fiber.actualStartTime ~= nil and (fiber.actualStartTime :: number) < 0 then
	fiber.actualStartTime = now()
end

-- https://github.com/JohnnyMorganz/StyLua/issues/530
foo(
	-- testing
	x :: string -- testing
)

-- https://github.com/JohnnyMorganz/StyLua/issues/611
local function foo(): number end

