---
source: tests/tests.rs
expression: format(&contents)

---
local x = call("a").b

