---
source: tests/tests.rs
expression: format(&contents)

---
--[=====[
	lua be like
]====]
	still going
]=====]

