---
source: tests/tests.rs
expression: format(&contents)

---
local x = function(a, b, ...) end

