---
source: tests/tests.rs
expression: format(&contents)
---
function x()
	call()
end

