---
source: tests/tests.rs
expression: format(&contents)
---
call("\\")
call("\\")
call({ ["\\"] = "" })

