---
source: tests/tests.rs
expression: format(&contents)
input_file: tests/inputs-luau/type-tables-comments-2.lua
---
-- https://github.com/JohnnyMorganz/StyLua/issues/893
type Foo = {
	Status: "loading" -- loading
		| "error" -- error
		| "success", -- success
}
