---
source: tests/tests.rs
expression: format(&contents)
---
-- https://github.com/JohnnyMorganz/StyLua/issues/254
if condition1 then
	print("Do something")

--[[
	my multiline comment
]]
elseif condition2 then
	print("Do something else")

-- my single line comment
elseif condition3 then
	print("Do some final thing")
end

