---
source: tests/tests.rs
expression: format(&contents)

---
local x = 1

-- this is a comment

