---
source: tests/tests.rs
expression: "format_code(&contents,\n            Config::default().with_collapse_mode(CollapseSimpleStatement::FunctionOnly),\n            None, OutputVerification::None).unwrap()"
---
local x = function(body, opts)
	return {
		top = body.top - 1,
		bottom = body.bottom + 1,
		indent = math.max(H.get_line_indent(body.top - 1, opts), H.get_line_indent(body.bottom + 1, opts)),
	}
end

